// Jest Snapshot v1, https://goo.gl/fbAQLP

exports[`should render ExpensesSummary correctly 1`] = `
<div>
  <h1>
    Viewing 
    3
     totalling 
    $1,141.95
  </h1>
</div>
`;
